[32minfo[39m: HTTP Request {"duration":"3ms","ip":"::ffff:127.0.0.1","method":"GET","path":"/","service":"ballotbuddy-backend","status":200,"timestamp":"2026-05-02T20:18:46.132Z"}
[32minfo[39m: HTTP Request {"duration":"1ms","ip":"::ffff:127.0.0.1","method":"GET","path":"/invalid-id","service":"ballotbuddy-backend","status":404,"timestamp":"2026-05-02T20:18:46.142Z"}
[33mwarn[39m: Validation failed {"details":[{"field":"candidateIds","message":"\"candidateIds\" must contain at least 2 items"}],"path":"/compare","service":"ballotbuddy-backend","timestamp":"2026-05-02T20:18:46.162Z"}
[32minfo[39m: HTTP Request {"duration":"4ms","ip":"::ffff:127.0.0.1","method":"POST","path":"/compare","service":"ballotbuddy-backend","status":400,"timestamp":"2026-05-02T20:18:46.162Z"}
[32minfo[39m: HTTP Request {"duration":"1ms","ip":"::ffff:127.0.0.1","method":"POST","path":"/compare","service":"ballotbuddy-backend","status":400,"timestamp":"2026-05-02T20:18:46.168Z"}
node.exe : FAIL src/__tests__/candidates.test.js
At C:\Users\JAYAPRASATH\AppData\Roaming\npm\npx.ps1:24 char:5
+     & "node$exe"  "$basedir/node_modules/npm/bin/npx-cli.js" $args
+     ~~~~~~~~~~~~~~~~~~~~~~~~~~~~~~~~~~~~~~~~~~~~~~~~~~~~~~~~~~~~~~
    + CategoryInfo          : NotSpecified: (FAIL src/__tests__/candidates.test.js:String) [], RemoteException
    + FullyQualifiedErrorId : NativeCommandError
 
  Candidates API
    ΓêÜ GET /api/candidates should return list (33 ms)
    ΓêÜ GET /api/candidates/:id should return 404 for invalid id (6 ms)
    ΓêÜ POST /api/candidates/compare should require at least 2 candidates (20 ms)
    ├ù POST /api/candidates/compare should return comparison (6 ms)

  ΓùÅ Candidates API ΓÇ║ POST /api/candidates/compare should return comparison

    expect(received).toBe(expected) // Object.is equality

    Expected: 200
    Received: 400

    [0m [90m 38 |[39m       [33m.[39mpost([32m'/api/candidates/compare'[39m)
     [90m 39 |[39m       [33m.[39msend({ candidateIds[33m:[39m [[32m'cand-001'[39m[33m,[39m 
[32m'cand-002'[39m] })[33m;[39m
    [31m[1m>[22m[39m[90m 40 |[39m     expect(res[33m.[39mstatus)[33m.[39mtoBe([35m200[39m)[33m;[39m
     [90m    |[39m                        [31m[1m^[22m[39m
     [90m 41 |[39m     expect(res[33m.[39mbody[33m.[39msuccess)[33m.[39mtoBe([36mtrue[39m)[33m;[39m
     [90m 42 |[39m   })[33m;[39m
     [90m 43 |[39m })[33m;[39m[0m

      at Object.toBe (src/__tests__/candidates.test.js:40:24)

[33mwarn[39m: Firebase Admin initialized with default credentials (dev mode) {"service":"ballotbuddy-backend","timestamp":"2026-05-02T20:18:46.314Z"}
[32minfo[39m: Mock vote simulated {"candidateId":"cand-1","service":"ballotbuddy-backend","timestamp":"2026-05-02T20:18:46.653Z","voteId":"4baad96d-2e48-4a79-912a-86ae04919d2a"}
[32minfo[39m: HTTP Request {"duration":"1ms","ip":"::ffff:127.0.0.1","method":"POST","path":"/simulate","service":"ballotbuddy-backend","status":200,"timestamp":"2026-05-02T20:18:46.653Z"}
[33mwarn[39m: Validation failed {"details":[{"field":"candidateId","message":"\"candidateId\" is required"}],"path":"/simulate","service":"ballotbuddy-backend","timestamp":"2026-05-02T20:18:46.658Z"}
[32minfo[39m: HTTP Request {"duration":"1ms","ip":"::ffff:127.0.0.1","method":"POST","path":"/simulate","service":"ballotbuddy-backend","status":400,"timestamp":"2026-05-02T20:18:46.659Z"}
[32minfo[39m: HTTP Request {"duration":"1ms","ip":"::ffff:127.0.0.1","method":"GET","path":"/receipt/550e8400-e29b-41d4-a716-446655440002","service":"ballotbuddy-backend","status":404,"timestamp":"2026-05-02T20:18:46.665Z"}
PASS src/__tests__/voting.test.js
  Voting Simulation API
    ΓêÜ POST /api/vote/simulate should simulate a vote (22 ms)
    ΓêÜ POST /api/vote/simulate should reject missing candidateId (5 ms)
    ΓêÜ GET /api/vote/receipt/:sessionId should return 404 for missing vote (6 ms)

[32minfo[39m: Returning seed timeline (Firestore empty) {"service":"ballotbuddy-backend","timestamp":"2026-05-02T20:18:47.169Z"}
[32minfo[39m: HTTP Request {"duration":"4ms","ip":"::ffff:127.0.0.1","method":"GET","path":"/","service":"ballotbuddy-backend","status":200,"timestamp":"2026-05-02T20:18:47.172Z"}
[32minfo[39m: HTTP Request {"duration":"1ms","ip":"::ffff:127.0.0.1","method":"POST","path":"/reminder","service":"ballotbuddy-backend","status":401,"timestamp":"2026-05-02T20:18:47.199Z"}
[32minfo[39m: Reminder sent {"eventId":"evt-008","service":"ballotbuddy-backend","timestamp":"2026-05-02T20:18:47.214Z","userId":"u123"}
[32minfo[39m: HTTP Request {"duration":"4ms","ip":"::ffff:127.0.0.1","method":"POST","path":"/reminder","service":"ballotbuddy-backend","status":200,"timestamp":"2026-05-02T20:18:47.215Z"}
PASS src/__tests__/timeline.test.js
  Timeline API
    ΓêÜ GET /api/timeline should return election events (45 ms)
    ΓêÜ POST /api/timeline/reminder should require auth (25 ms)
    ΓêÜ POST /api/timeline/reminder should succeed with valid data (mocked auth) (14 ms)

[32minfo[39m: Chat request received {"language":"en","messageLength":14,"service":"ballotbuddy-backend","timestamp":"2026-05-02T20:18:48.031Z","userId":"anonymous"}
[32minfo[39m: HTTP Request {"duration":"2ms","ip":"::ffff:127.0.0.1","method":"POST","path":"/","service":"ballotbuddy-backend","status":200,"timestamp":"2026-05-02T20:18:48.033Z"}
[33mwarn[39m: Validation failed {"details":[{"field":"message","message":"\"message\" is not allowed to be empty"}],"path":"/","service":"ballotbuddy-backend","timestamp":"2026-05-02T20:18:48.050Z"}
[32minfo[39m: HTTP Request {"duration":"11ms","ip":"::ffff:127.0.0.1","method":"POST","path":"/","service":"ballotbuddy-backend","status":400,"timestamp":"2026-05-02T20:18:48.051Z"}
[32minfo[39m: HTTP Request {"duration":"2ms","ip":"::ffff:127.0.0.1","method":"GET","path":"/history","service":"ballotbuddy-backend","status":200,"timestamp":"2026-05-02T20:18:48.059Z"}
PASS src/__tests__/chat.test.js
  Chat API
    ΓêÜ POST /api/chat should return AI response (17 ms)
    ΓêÜ POST /api/chat should return 400 for empty message (18 ms)
    ΓêÜ GET /api/chat/history should return history for auth user (7 ms)

[32minfo[39m: User registered {"email":"test@example.com","service":"ballotbuddy-backend","timestamp":"2026-05-02T20:18:49.491Z","userId":"cc5e4e1f-0075-45de-939b-46d46ae7494b"}
[32minfo[39m: HTTP Request {"duration":"530ms","ip":"::ffff:127.0.0.1","method":"POST","path":"/register","service":"ballotbuddy-backend","status":201,"timestamp":"2026-05-02T20:18:49.493Z"}
[32minfo[39m: HTTP Request {"duration":"2ms","ip":"::ffff:127.0.0.1","method":"POST","path":"/register","service":"ballotbuddy-backend","status":409,"timestamp":"2026-05-02T20:18:49.505Z"}
[32minfo[39m: HTTP Request {"duration":"1ms","ip":"::ffff:127.0.0.1","method":"POST","path":"/register","service":"ballotbuddy-backend","status":409,"timestamp":"2026-05-02T20:18:49.513Z"}
[33mwarn[39m: Validation failed {"details":[{"field":"email","message":"\"email\" must be a valid email"}],"path":"/register","service":"ballotbuddy-backend","timestamp":"2026-05-02T20:18:49.521Z"}
[32minfo[39m: HTTP Request {"duration":"2ms","ip":"::ffff:127.0.0.1","method":"POST","path":"/register","service":"ballotbuddy-backend","status":400,"timestamp":"2026-05-02T20:18:49.522Z"}
[33mwarn[39m: Validation failed {"details":[{"field":"password","message":"\"password\" length must be at least 8 characters long"}],"path":"/register","service":"ballotbuddy-backend","timestamp":"2026-05-02T20:18:49.530Z"}
[32minfo[39m: HTTP Request {"duration":"2ms","ip":"::ffff:127.0.0.1","method":"POST","path":"/register","service":"ballotbuddy-backend","status":400,"timestamp":"2026-05-02T20:18:49.531Z"}
[32minfo[39m: HTTP Request {"duration":"1ms","ip":"::ffff:127.0.0.1","method":"POST","path":"/login","service":"ballotbuddy-backend","status":401,"timestamp":"2026-05-02T20:18:49.538Z"}
[33mwarn[39m: Validation failed {"details":[{"field":"password","message":"\"password\" is required"}],"path":"/login","service":"ballotbuddy-backend","timestamp":"2026-05-02T20:18:49.546Z"}
[32minfo[39m: HTTP Request {"duration":"2ms","ip":"::ffff:127.0.0.1","method":"POST","path":"/login","service":"ballotbuddy-backend","status":400,"timestamp":"2026-05-02T20:18:49.547Z"}
[32minfo[39m: HTTP Request {"duration":"1ms","ip":"::ffff:127.0.0.1","method":"GET","path":"/me","service":"ballotbuddy-backend","status":401,"timestamp":"2026-05-02T20:18:49.554Z"}
[33mwarn[39m: Invalid JWT token {"error":"invalid token","ip":"::ffff:127.0.0.1","service":"ballotbuddy-backend","timestamp":"2026-05-02T20:18:49.560Z"}
[32minfo[39m: HTTP Request {"duration":"2ms","ip":"::ffff:127.0.0.1","method":"GET","path":"/me","service":"ballotbuddy-backend","status":401,"timestamp":"2026-05-02T20:18:49.561Z"}
[32minfo[39m: HTTP Request {"duration":"1ms","ip":"::ffff:127.0.0.1","method":"GET","path":"/me","service":"ballotbuddy-backend","status":404,"timestamp":"2026-05-02T20:18:49.570Z"}
[32minfo[39m: HTTP Request {"duration":"1ms","ip":"::ffff:127.0.0.1","method":"PUT","path":"/fcm-token","service":"ballotbuddy-backend","status":200,"timestamp":"2026-05-02T20:18:49.577Z"}
[32minfo[39m: HTTP Request {"duration":"1ms","ip":"::ffff:127.0.0.1","method":"PUT","path":"/fcm-token","service":"ballotbuddy-backend","status":400,"timestamp":"2026-05-02T20:18:49.585Z"}
[32minfo[39m: HTTP Request {"duration":"1ms","ip":"::ffff:127.0.0.1","method":"GET","path":"/health","service":"ballotbuddy-backend","status":200,"timestamp":"2026-05-02T20:18:49.591Z"}
PASS src/__tests__/auth.test.js
  POST /api/auth/register
    ΓêÜ should register a new user successfully (549 ms)
    ΓêÜ POST /api/auth/register should return 409 for existing user (9 ms)
    ΓêÜ should reject duplicate email (8 ms)
    ΓêÜ should reject invalid email format (8 ms)
    ΓêÜ should reject weak passwords (8 ms)
  POST /api/auth/login
    ΓêÜ should return 401 for non-existent user (7 ms)
    ΓêÜ should return 400 for missing fields (9 ms)
  GET /api/auth/me
    ΓêÜ should return 401 without token (6 ms)
    ΓêÜ should return 401 with malformed token (7 ms)
    ΓêÜ should return 404 if user not found (9 ms)
  PUT /api/auth/fcm-token
    ΓêÜ should update FCM token (7 ms)
    ΓêÜ should fail with invalid token body (6 ms)
  GET /health
    ΓêÜ should return healthy status (5 ms)

PASS src/__tests__/middleware.test.js
  Auth Middleware
    ΓêÜ authMiddleware should block missing header (3 ms)
    ΓêÜ authMiddleware should pass valid token (3 ms)
    ΓêÜ authMiddleware should catch expired token (1 ms)
    ΓêÜ optionalAuth should attach user if valid (14 ms)
    ΓêÜ optionalAuth should skip user if invalid (1 ms)
  Sanitize Middleware
    ΓêÜ sanitizeObject should remove tags (14 ms)
    ΓêÜ sanitizeBody should sanitize req.body (7 ms)

[33mwarn[39m: Firebase Admin initialized with default credentials (dev mode) {"service":"ballotbuddy-backend","timestamp":"2026-05-02T20:18:50.377Z"}
[32minfo[39m: Vertex AI response received {"model":"gemini-1.5-flash-001","service":"ballotbuddy-backend","timestamp":"2026-05-02T20:18:50.388Z"}
[32minfo[39m: Vertex AI response received {"model":"gemini-1.5-flash-001","service":"ballotbuddy-backend","timestamp":"2026-05-02T20:18:50.390Z"}
[32minfo[39m: FCM notification sent {"messageId":"msg-123","service":"ballotbuddy-backend","timestamp":"2026-05-02T20:18:50.426Z"}
[32minfo[39m: Election reminder sent to 1/1 devices {"service":"ballotbuddy-backend","timestamp":"2026-05-02T20:18:50.426Z"}
PASS src/__tests__/services.test.js
  Firestore Service
    ΓêÜ getDoc should return data (1 ms)
    ΓêÜ setDoc should complete (1 ms)
    ΓêÜ getDocs should return array (1 ms)
    ΓêÜ queryDocs should return array (1 ms)
  VertexAI Service
    ΓêÜ chat should return parsed response (2 ms)
    ΓêÜ chat should work with non-english language (1 ms)
    ΓêÜ compareCandidates should return string result (1 ms)
  FCM Service
    ΓêÜ sendElectionReminder should succeed with tokens (36 ms)
    ΓêÜ sendElectionReminder should return undefined if no tokens

Test Suites: 1 failed, 6 passed, 7 total
Tests:       1 failed, 41 passed, 42 total
Snapshots:   0 total
Time:        6.06 s, estimated 7 s
Ran all test suites.
Force exiting Jest: Have you considered using `--detectOpenHandles` to detect async operations that kept running after 
all tests finished?
